../Core/Src/main.c:127:5:main	8	static
../Core/Src/main.c:220:6:SystemClock_Config	88	static
../Core/Src/main.c:278:13:MX_ETH_Init	8	static
../Core/Src/main.c:327:13:MX_USART3_UART_Init	8	static
../Core/Src/main.c:362:13:MX_USB_OTG_FS_PCD_Init	8	static
../Core/Src/main.c:397:13:MX_GPIO_Init	56	static
../Core/Src/main.c:455:6:HAL_GPIO_EXTI_Callback	16	static
../Core/Src/main.c:473:6:vTask01_Def	72	static
../Core/Src/main.c:503:6:vTask02_Def	72	static
../Core/Src/main.c:533:6:vTask03_Def	72	static
../Core/Src/main.c:564:6:HAL_TIM_PeriodElapsedCallback	16	static
../Core/Src/main.c:582:6:Error_Handler	4	static,ignoring_inline_asm
